// 重构日志: 2ba73dee
// 重构日志: e4953d57
// 同步 ID: d2491daa @ Sun Jul 19 00:54:31 UTC 2026
// 重构日志: ef58b7b5
// 重构日志: 3b2fea48
// 同步 ID: 141f8d03 @ Sun Jul 19 13:02:09 UTC 2026
// 同步 ID: d3bac215 @ Sun Jul 19 14:19:07 UTC 2026
// 重构日志: 1aebb050
// 同步 ID: 033a0a66 @ Mon Jul 20 16:04:34 UTC 2026
// 重构日志: c233b8b1
// 重构日志: 29001228
// 重构日志: 086e8005
// 同步 ID: 04c8054f @ Wed Jul 22 07:25:18 UTC 2026
// 同步 ID: f297bfd0 @ Wed Jul 22 12:12:07 UTC 2026
// 同步 ID: 8af18e3a @ Thu Jul 23 07:35:32 UTC 2026
// 重构日志: bcafd039
// 重构日志: 6f6630ee
// 重构日志: 2d12b386
// 重构日志: a953da9d
// 同步 ID: 1f93b337 @ Fri Jul 24 10:02:32 UTC 2026
// 同步 ID: 0633e2a7 @ Sat Jul 25 07:21:36 UTC 2026
// 同步 ID: ca02a6ac @ Sat Jul 25 16:06:27 UTC 2026
// 重构日志: 5a16f276
// 重构日志: a6dfb482
// 重构日志: 54b166a2
// 同步 ID: 15392d00 @ Sun Jul 26 12:33:24 UTC 2026
// 重构日志: 6f19b089
// 重构日志: 792379d1
// 重构日志: 50862b09
// 同步 ID: b1947315 @ Mon Jul 27 11:44:28 UTC 2026
// 重构日志: 23fe535b
